@ifc-lite/viewer:test: cache bypass, force executing 96fe9d5cae011a38
@ifc-lite/viewer:test: 
@ifc-lite/viewer:test: > @ifc-lite/viewer@4.0.0 test /home/louistrue/.t3/worktrees/ifc-lite/t3code-55c746a5/apps/viewer
@ifc-lite/viewer:test: > tsx --import ./src/test/vite-module-hooks.mjs --test --test-timeout=120000 --test-concurrency=1 $(find src -type f \( -name '*.test.ts' -o -name '*.test.tsx' \) | sort | awk -v p="${TEST_PATTERN:-.}" '$0 ~ p' | awk -v s="${TEST_SHARD:-0}" -v n="${TEST_SHARDS:-1}" '{h=0; for(i=1;i<=length($0);i++) h=(h*31+index(" !\"#$%&()*+,-./0123456789:;<=>?@ABCDEFGHIJKLMNOPQRSTUVWXYZ[]^_abcdefghijklmnopqrstuvwxyz{|}~", substr($0,i,1)))%1000003} h%n==s')
@ifc-lite/viewer:test: 
@ifc-lite/viewer:test: [SpatialHierarchyBuilder] No buildings found in spatial hierarchy
@ifc-lite/viewer:test: [SpatialHierarchyBuilder] No buildings found in spatial hierarchy
@ifc-lite/viewer:test: ✔ #6232 SDK design creation publishes real bodies and one Undo/Redo with 1 model(s) (262.311833ms)
@ifc-lite/viewer:test: ✔ #6232 SDK design creation publishes real bodies and one Undo/Redo with 2 model(s) (154.425728ms)
@ifc-lite/viewer:test: [SpatialHierarchyBuilder] No buildings found in spatial hierarchy
@ifc-lite/viewer:test: [SpatialHierarchyBuilder] No buildings found in spatial hierarchy
@ifc-lite/viewer:test: ✔ #6232 SDK stair/1 native meshes and tree undo as a whole pair; ordinary deletion retained (263.310886ms)
@ifc-lite/viewer:test: ✔ #6232 SDK stair/2 native meshes and tree undo as a whole pair; ordinary deletion retained (142.640652ms)
@ifc-lite/viewer:test: [SpatialHierarchyBuilder] No buildings found in spatial hierarchy
@ifc-lite/viewer:test: [SpatialHierarchyBuilder] No buildings found in spatial hierarchy
@ifc-lite/viewer:test: ✔ #6232 mounted BimProvider/1 commits a stair pair, preserves refusal, and undoes public edits (160.845036ms)
@ifc-lite/viewer:test: ✔ #6232 mounted BimProvider/2 commits a stair pair, preserves refusal, and undoes public edits (86.763176ms)
@ifc-lite/viewer:test: ℹ tests 6
@ifc-lite/viewer:test: ℹ suites 0
@ifc-lite/viewer:test: ℹ pass 6
@ifc-lite/viewer:test: ℹ fail 0
@ifc-lite/viewer:test: ℹ cancelled 0
@ifc-lite/viewer:test: ℹ skipped 0
@ifc-lite/viewer:test: ℹ todo 0
@ifc-lite/viewer:test: ℹ duration_ms 13003.364358
 Tasks:    51 successful, 51 total
Cached:    50 cached, 51 total
  Time:    13.801s 
