@ifc-lite/viewer:test: cache bypass, force executing 96fe9d5cae011a38
@ifc-lite/viewer:test: 
@ifc-lite/viewer:test: > @ifc-lite/viewer@4.0.0 test /home/louistrue/.t3/worktrees/ifc-lite/t3code-55c746a5/apps/viewer
@ifc-lite/viewer:test: > tsx --import ./src/test/vite-module-hooks.mjs --test --test-timeout=120000 --test-concurrency=1 $(find src -type f \( -name '*.test.ts' -o -name '*.test.tsx' \) | sort | awk -v p="${TEST_PATTERN:-.}" '$0 ~ p' | awk -v s="${TEST_SHARD:-0}" -v n="${TEST_SHARDS:-1}" '{h=0; for(i=1;i<=length($0);i++) h=(h*31+index(" !\"#$%&()*+,-./0123456789:;<=>?@ABCDEFGHIJKLMNOPQRSTUVWXYZ[]^_abcdefghijklmnopqrstuvwxyz{|}~", substr($0,i,1)))%1000003} h%n==s')
@ifc-lite/viewer:test: 
@ifc-lite/viewer:test: [SpatialHierarchyBuilder] No buildings found in spatial hierarchy
@ifc-lite/viewer:test: [SpatialHierarchyBuilder] No buildings found in spatial hierarchy
@ifc-lite/viewer:test: ✖ #6232 SDK design creation publishes real bodies and one Undo/Redo with 1 model(s) (54.794441ms)
@ifc-lite/viewer:test: ✖ #6232 SDK design creation publishes real bodies and one Undo/Redo with 2 model(s) (29.57369ms)
@ifc-lite/viewer:test: [SpatialHierarchyBuilder] No buildings found in spatial hierarchy
@ifc-lite/viewer:test: [SpatialHierarchyBuilder] No buildings found in spatial hierarchy
@ifc-lite/viewer:test: ✔ #6232 SDK stair/1 native meshes and tree undo as a whole pair; ordinary deletion retained (300.707155ms)
@ifc-lite/viewer:test: ✔ #6232 SDK stair/2 native meshes and tree undo as a whole pair; ordinary deletion retained (175.659558ms)
@ifc-lite/viewer:test: [SpatialHierarchyBuilder] No buildings found in spatial hierarchy
@ifc-lite/viewer:test: [SpatialHierarchyBuilder] No buildings found in spatial hierarchy
@ifc-lite/viewer:test: ✔ #6232 mounted BimProvider/1 commits a stair pair, preserves refusal, and undoes public edits (175.281215ms)
@ifc-lite/viewer:test: ✔ #6232 mounted BimProvider/2 commits a stair pair, preserves refusal, and undoes public edits (94.38809ms)
@ifc-lite/viewer:test: ℹ tests 6
@ifc-lite/viewer:test: ℹ suites 0
@ifc-lite/viewer:test: ℹ pass 4
@ifc-lite/viewer:test: ℹ fail 2
@ifc-lite/viewer:test: ℹ cancelled 0
@ifc-lite/viewer:test: ℹ skipped 0
@ifc-lite/viewer:test: ℹ todo 0
@ifc-lite/viewer:test: ℹ duration_ms 35201.940786
@ifc-lite/viewer:test: 
@ifc-lite/viewer:test: ✖ failing tests:
@ifc-lite/viewer:test: 
@ifc-lite/viewer:test: test at src/sdk/adapters/store-adapter-design.test.ts:1:1892
@ifc-lite/viewer:test: ✖ #6232 SDK design creation publishes real bodies and one Undo/Redo with 1 model(s) (54.794441ms)
@ifc-lite/viewer:test:   AssertionError [ERR_ASSERTION]: All actual SDK capabilities are installed
@ifc-lite/viewer:test:       at TestContext.<anonymous> (/home/louistrue/.t3/worktrees/ifc-lite/t3code-55c746a5/apps/viewer/src/sdk/adapters/store-adapter-design.test.ts:61:12)
@ifc-lite/viewer:test:       at async Test.run (node:internal/test_runner/test:1409:7)
@ifc-lite/viewer:test:       at async startSubtestAfterBootstrap (node:internal/test_runner/harness:387:3) {
@ifc-lite/viewer:test:     generatedMessage: false,
@ifc-lite/viewer:test:     code: 'ERR_ASSERTION',
@ifc-lite/viewer:test:     actual: undefined,
@ifc-lite/viewer:test:     expected: true,
@ifc-lite/viewer:test:     operator: '==',
@ifc-lite/viewer:test:     diff: 'simple'
@ifc-lite/viewer:test:   }
@ifc-lite/viewer:test: 
@ifc-lite/viewer:test: test at src/sdk/adapters/store-adapter-design.test.ts:1:1892
@ifc-lite/viewer:test: ✖ #6232 SDK design creation publishes real bodies and one Undo/Redo with 2 model(s) (29.57369ms)
@ifc-lite/viewer:test:   AssertionError [ERR_ASSERTION]: All actual SDK capabilities are installed
@ifc-lite/viewer:test:       at TestContext.<anonymous> (/home/louistrue/.t3/worktrees/ifc-lite/t3code-55c746a5/apps/viewer/src/sdk/adapters/store-adapter-design.test.ts:61:12)
@ifc-lite/viewer:test:       at async Test.run (node:internal/test_runner/test:1409:7)
@ifc-lite/viewer:test:       at async Test.processPendingSubtests (node:internal/test_runner/test:974:7) {
@ifc-lite/viewer:test:     generatedMessage: false,
@ifc-lite/viewer:test:     code: 'ERR_ASSERTION',
@ifc-lite/viewer:test:     actual: undefined,
@ifc-lite/viewer:test:     expected: true,
@ifc-lite/viewer:test:     operator: '==',
@ifc-lite/viewer:test:     diff: 'simple'
@ifc-lite/viewer:test:   }
@ifc-lite/viewer:test:  ELIFECYCLE  Test failed. See above for more details.
 Tasks:    50 successful, 51 total
Cached:    43 cached, 51 total
  Time:    1m51.673s 
 ERROR  run failed: command  exited (1)
