[revert-oracle] does this branch's test actually observe this branch's change?
  repo:  /tmp/ifc6679-backup-pr
  base:  t3code/6679-library-migration
  head:  HEAD
  --only narrowed the revert set from 4 to 1 production file(s)
  files: 4 production, 3 test, 9 ignored, 0 inert
  observer: tests (runtime change in apps/viewer/src/lib/storage/content-backup-references.ts)
  runner: apps/viewer -> tsx --import ./src/test/vite-module-hooks.mjs --test-timeout=120000 --test-concurrency=1 --test src/components/viewer/ContentStorageNotice.test.tsx
  mutation: /tmp/ifc6679-backup-mutations/import-reference-remapping.patch (17 lines, reverse-applied)

[1/3] baseline: running the branch's own tests, unmodified
  [baseline] apps/viewer (node-test) -> pass (pass 4, fail 0, total 4, exit 0, 19442ms)

[2/3] reverting the production change
  reverted: apps/viewer/src/lib/storage/content-backup-references.ts

[3/3] re-running the same tests with production reverted
  [reverted] apps/viewer (node-test) -> assertion-failure (pass 3, fail 1, total 4, exit 1, 15458ms)
  restored: forward re-applied the patch; `git status --porcelain` is empty

==============================================================================
  ✔ OBSERVED
==============================================================================
  observer:  tests
  reverted:  apps/viewer/src/lib/storage/content-backup-references.ts
  tests run: apps/viewer/src/components/viewer/ContentStorageNotice.test.tsx
  baseline:  pass — 4 passed / 4 collected
  reverted:  assertion-failure — 3 passed, 1 failed / 4 collected

  reverting production turned an assertion RED in apps/viewer/src/components/viewer/ContentStorageNotice.test.tsx; that file has a green, attributable baseline.

{
  "observer": "tests",
  "baseline": {
    "kind": "pass",
    "passed": 4,
    "total": 4
  },
  "reverted": {
    "kind": "assertion-failure",
    "passed": 3,
    "failed": 1,
    "total": 4,
    "evidence": []
  },
  "ledger": [
    {
      "file": "apps/viewer/src/components/viewer/ContentStorageNotice.test.tsx",
      "role": "executable",
      "runKey": "test:apps/viewer/src/components/viewer/ContentStorageNotice.test.tsx",
      "adapter": "node-test",
      "runner": {
        "family": "node-test",
        "command": [
          "tsx",
          "--import",
          "./src/test/vite-module-hooks.mjs",
          "--test-timeout=120000",
          "--test-concurrency=1",
          "--test",
          "src/components/viewer/ContentStorageNotice.test.tsx"
        ]
      },
      "features": [],
      "attribution": "runtime-v8-file",
      "baseline": {
        "kind": "pass",
        "passed": 4,
        "failed": 0,
        "total": 4,
        "exitCode": 0,
        "signal": null,
        "toolchain": "node v24.21.0",
        "attributed": true,
        "files": [
          "apps/viewer/src/components/viewer/ContentStorageNotice.test.tsx"
        ],
        "testIdentities": [],
        "evidence": []
      },
      "reverted": {
        "kind": "assertion-failure",
        "passed": 3,
        "failed": 1,
        "total": 4,
        "exitCode": 1,
        "signal": null,
        "toolchain": "node v24.21.0",
        "attributed": true,
        "files": [
          "apps/viewer/src/components/viewer/ContentStorageNotice.test.tsx"
        ],
        "testIdentities": [],
        "evidence": []
      }
    }
  ],
  "schemaVersion": 2,
  "channel": "pull-request",
  "verdict": "OBSERVED",
  "exitCode": 0,
  "reason": "reverting production turned an assertion RED in apps/viewer/src/components/viewer/ContentStorageNotice.test.tsx; that file has a green, attributable baseline.",
  "base": "ec050f09e973eeb2af6eabdb53642800bed393e2",
  "head": "d1275fa114172a2c446e613cd704fe0d70f2d33c",
  "production": [
    "apps/viewer/src/lib/storage/content-backup-references.ts"
  ],
  "tests": [
    "apps/viewer/src/components/viewer/ContentStorageNotice.test.tsx"
  ],
  "invocationId": "6c86d7bc-b6c5-43a4-b653-bddb93dcc6ff",
  "timing": {
    "startedAt": "2026-10-02T11:40:44.287Z",
    "finishedAt": "2026-10-02T11:41:21.227Z"
  },
  "restoration": "verified"
}
