TAP version 13
# Subtest: \#6679 an unobserved ID keeps revision zero when another tab saves before draft hydration
ok 1 - \#6679 an unobserved ID keeps revision zero when another tab saves before draft hydration
  ---
  duration_ms: 16.774793
  type: 'test'
  ...
# Subtest: \#6679 restore never discards a draft created after its confirmation
ok 2 - \#6679 restore never discards a draft created after its confirmation
  ---
  duration_ms: 6.653798
  type: 'test'
  ...
# [User content] Storage operation failed DOMException [QuotaExceededError]: Quota exhausted
#     at FDBDatabase.<anonymous> (/tmp/ifc6679-oracle-foundation/apps/viewer/src/lib/storage/content-controller.test.ts:68:61)
#     at Object.apply (node:internal/test_runner/mock/mock:805:20)
#     at <anonymous> (/tmp/ifc6679-oracle-foundation/apps/viewer/src/lib/storage/content-database.ts:79:66)
#     at IdbConnectionLifecycle.withConnection (/tmp/ifc6679-oracle-foundation/apps/viewer/src/services/idb-connection.ts:49:14)
#     at async writeContent (/tmp/ifc6679-oracle-foundation/apps/viewer/src/lib/storage/content-database.ts:93:16)
#     at async <anonymous> (/tmp/ifc6679-oracle-foundation/apps/viewer/src/lib/storage/content-library.ts:115:22)
# [User content] Storage operation failed DOMException [QuotaExceededError]: Quota exhausted
#     at FDBDatabase.<anonymous> (/tmp/ifc6679-oracle-foundation/apps/viewer/src/lib/storage/content-controller.test.ts:68:61)
#     at Object.apply (node:internal/test_runner/mock/mock:805:20)
#     at <anonymous> (/tmp/ifc6679-oracle-foundation/apps/viewer/src/lib/storage/content-database.ts:79:66)
#     at IdbConnectionLifecycle.withConnection (/tmp/ifc6679-oracle-foundation/apps/viewer/src/services/idb-connection.ts:49:14)
#     at async writeContent (/tmp/ifc6679-oracle-foundation/apps/viewer/src/lib/storage/content-database.ts:93:16)
#     at async <anonymous> (/tmp/ifc6679-oracle-foundation/apps/viewer/src/lib/storage/content-library.ts:115:22)
# Subtest: \#6679 a file-provided __proto__ ID retains its quota refusal and retries after restore
ok 3 - \#6679 a file-provided __proto__ ID retains its quota refusal and retries after restore
  ---
  duration_ms: 13.604334
  type: 'test'
  ...
1..3
# tests 3
# suites 0
# pass 3
# fail 0
# cancelled 0
# skipped 0
# todo 0
# duration_ms 8286.484386
